Flutter crash report.
Please report a bug at https://github.com/flutter/flutter/issues.

## command

flutter --no-color run --machine --track-widget-creation --device-id=chrome --start-paused --dart-define=flutter.inspector.structuredErrors=true --devtools-server-address=http://127.0.0.1:9100 lib\main.dart

## exception

UnsupportedError: Unsupported operation: Illegal character in path: *

```
#0      _Uri._checkWindowsPathReservedCharacters (dart:core/uri.dart:2171:11)
#1      _Uri._toWindowsFilePath (dart:core/uri.dart:3470:7)
#2      _Uri.toFilePath (dart:core/uri.dart:3444:38)
#3      ManifestAssetBundle._ensureAssetPathIsValid (package:flutter_tools/src/asset.dart:1342:32)
#4      ManifestAssetBundle._resolveAsset (package:flutter_tools/src/asset.dart:1364:5)
#5      ManifestAssetBundle._parseAssetFromFile (package:flutter_tools/src/asset.dart:1217:26)
#6      ManifestAssetBundle._parseAssets (package:flutter_tools/src/asset.dart:1051:9)
#7      ManifestAssetBundle.build (package:flutter_tools/src/asset.dart:384:54)
<asynchronous suspension>
#8      ResidentWebRunner._updateDevFS (package:flutter_tools/src/isolated/resident_web_runner.dart:777:26)
<asynchronous suspension>
#9      ResidentWebRunner.run.<anonymous closure> (package:flutter_tools/src/isolated/resident_web_runner.dart:334:41)
<asynchronous suspension>
#10     asyncGuard.<anonymous closure> (package:flutter_tools/src/base/async_guard.dart:108:24)
<asynchronous suspension>
```

## flutter doctor

```
[✓] Flutter (Channel stable, 3.41.5, on Microsoft Windows [Version 10.0.26200.9457], locale en-IN) [1,115ms]
    • Flutter version 3.41.5 on channel stable at C:\flutter\flutter
    • Upstream repository https://github.com/flutter/flutter.git
    • Framework revision 2c9eb20739 (6 months ago), 2026-03-17 16:14:01 -0700
    • Engine revision 052f31d115
    • Dart version 3.11.3
    • DevTools version 2.54.2
    • Feature flags: enable-web, enable-linux-desktop, enable-macos-desktop, enable-windows-desktop, enable-android, enable-ios, cli-animations, enable-native-assets, omit-legacy-version-file, enable-lldb-debugging, enable-uiscene-migration

[✓] Windows Version (Windows 11 or higher, 25H2, 2009) [4.3s]

[✓] Android toolchain - develop for Android devices (Android SDK version 36.1.0) [10.0s]
    • Android SDK at C:\Users\Kundan\AppData\Local\Android\sdk
    • Emulator version 36.6.11.0 (build_id 15507667) (CL:N/A)
    • Platform android-36.1, build-tools 36.1.0
    • Java binary at: C:\Program Files\Android\Android Studio1\jbr\bin\java
      This is the JDK bundled with the latest Android Studio installation on this machine.
      To manually set the JDK path, use: `flutter config --jdk-dir="path/to/jdk"`.
    • Java version OpenJDK Runtime Environment (build 21.0.10+-14961533-b1163.108)
    • All Android licenses accepted.

[✓] Chrome - develop for the web [666ms]
    • Chrome at C:\Program Files\Google\Chrome\Application\chrome.exe

[!] Visual Studio - develop Windows apps (Visual Studio Build Tools 2026 18.4.1) [664ms]
    • Visual Studio at C:\Program Files (x86)\Microsoft Visual Studio\18\BuildTools
    • Visual Studio Build Tools 2026 version 18.4.11612.150
    ✗ Visual Studio is missing necessary components. Please re-run the Visual Studio installer for the "Desktop development with C++" workload, and include these components:
        MSVC v142 - VS 2019 C++ x64/x86 build tools
         - If there are multiple build tool versions available, install the latest
        C++ CMake tools for Windows
        Windows 10 SDK

[✓] Connected device (3 available) [313ms]
    • Windows (desktop) • windows • windows-x64    • Microsoft Windows [Version 10.0.26200.9457]
    • Chrome (web)      • chrome  • web-javascript • Google Chrome 153.0.8010.48
    • Edge (web)        • edge    • web-javascript • Microsoft Edge 153.0.4234.32

[✓] Network resources [2.2s]
    • All expected network resources are available.

! Doctor found issues in 1 category.
```
